Microchip MPLAB XC8 Compiler V2.40

Linker command line:

-W-3 \
  --edf=C:\Program Files\Microchip\xc8\v2.40\pic\dat\20220703182018_en.msgs \
  -cn -h+dist/default/production\PWM_control.X.production.sym \
  --cmf=dist/default/production\PWM_control.X.production.cmf -z -Q16F873A \
  -oC:\Users\kevin\AppData\Local\Temp\xcAspbc.4 --defsym=__MPLAB_BUILD=1 \
  --fixupoverflow=error \
  -Mdist/default/production/PWM_control.X.production.map \
  --md=C:\Users\kevin\AppData\Local\Temp\xcAspbc.dat -E1 -ver=XC8 Compiler \
  --acfsm=1493 -ACODE=00h-07FFhx2 -ASTRCODE=00h-0FFFh -ASTRING=00h-0FFhx16 \
  -ACONST=00h-0FFhx16 -AENTRY=00h-0FFhx16 -ABANK0=020h-07Dh \
  -ABANK1=0A0h-0FDh -ARAM=020h-07Dh,0A0h-0FDh -AABS1=020h-07Fh,0A0h-0FFh \
  -ACOMMON=07Eh-07Fh -ASFR0=00h-01Fh -ASFR1=080h-09Fh -ASFR2=0100h-017Dh \
  -ASFR3=0180h-01FDh -ACONFIG=02007h-02007h -DCONFIG=2 \
  -AIDLOC=02000h-02003h -DIDLOC=2 -AEEDATA=00h-07Fh/02100h \
  -peeprom_data=EEDATA -DEEDATA=2 -DCODE=2 -DSTRCODE=2 -DSTRING=2 -DCONST=2 \
  -DENTRY=2 -preset_vec=00h,intentry,init,end_init -ppowerup=CODE \
  -pcinit=CODE -pfunctab=ENTRY -k \
  C:\Users\kevin\AppData\Local\Temp\xcAspbc.o \
  dist/default/production\PWM_control.X.production.o 

Object code version is 3.11

Machine type is 16F873A



                Name                               Link     Load   Length Selector   Space Scale
C:\Users\kevin\AppData\Local\Temp\xcAspbc.o
                end_init                              0        0        2        0       0
                config                             2007     2007        1        0       4
                idloc                              2000     2000        4        0       5
dist/default/production\PWM_control.X.production.o
                cinit                               7FD      7FD        3      FFA       0
                config                             2007     2007        1        0       4
                idloc                              2000     2000        4        0       5
                text14                              3AE      3AE        E      75C       0
                text13                              3F0      3F0       20      7E0       0
                text12                              3BC      3BC       19      778       0
                text11                              398      398        9      730       0
                text10                              4EA      4EA       58      9D4       0
                text9                               542      542       87      A84       0
                text8                               433      433       35      866       0
                text7                               410      410       23      820       0
                text6                               3D5      3D5       1B      7AA       0
                text5                               3A1      3A1        D      742       0
                text4                               5C9      5C9       9D      B92       0
                text3                               4A4      4A4       46      948       0
                text2                               468      468       3C      8D0       0
                text1                               731      731       CC      E62       0
                maintext                            666      666       CB      CCC       0
                cstackBANK0                          20       20       43       20       1
                strings                               2        2       2D        4       0

TOTAL           Name                               Link     Load   Length     Space
        CLASS   CODE           
                end_init                              0        0        2         0
                cinit                               7FD      7FD        3         0
                text14                              3AE      3AE        E         0
                text13                              3F0      3F0       20         0
                text12                              3BC      3BC       19         0
                text11                              398      398        9         0
                text10                              4EA      4EA       58         0
                text9                               542      542       87         0
                text8                               433      433       35         0
                text7                               410      410       23         0
                text6                               3D5      3D5       1B         0
                text5                               3A1      3A1        D         0
                text4                               5C9      5C9       9D         0
                text3                               4A4      4A4       46         0
                text2                               468      468       3C         0
                text1                               731      731       CC         0
                maintext                            666      666       CB         0

        CLASS   STRCODE        

        CLASS   STRING         
                strings                               2        2       2D         0

        CLASS   CONST          

        CLASS   ENTRY          

        CLASS   BANK0          
                cstackBANK0                          20       20       43         1

        CLASS   BANK1          

        CLASS   RAM            

        CLASS   ABS1           
                abs_s1                               7E       7E        2         1

        CLASS   COMMON         

        CLASS   SFR0           

        CLASS   SFR1           

        CLASS   SFR2           

        CLASS   SFR3           

        CLASS   CONFIG         
                config                             2007     2007        1         4

        CLASS   IDLOC          
                idloc                              2000     2000        4         5

        CLASS   EEDATA         

        CLASS   BANK3          

        CLASS   BANK2          

        CLASS   STACK          



SEGMENTS        Name                           Load    Length   Top    Selector   Space  Class     Delta

                reset_vec                      000000  000002  000002         0       0  CODE        2
                strings                        000002  00002D  00002F         4       0  STRING      2
                cstackBANK0                    000020  000043  000063        20       1  BANK0       1
                text11                         000398  000009  0003A1       730       0  CODE        2
                text5                          0003A1  00000D  0003AE       742       0  CODE        2
                text14                         0003AE  00000E  0003BC       75C       0  CODE        2
                text12                         0003BC  000019  0003D5       778       0  CODE        2
                text6                          0003D5  00001B  0003F0       7AA       0  CODE        2
                text13                         0003F0  000020  000410       7E0       0  CODE        2
                text7                          000410  000023  000433       820       0  CODE        2
                text8                          000433  000035  000468       866       0  CODE        2
                text2                          000468  00003C  0004A4       8D0       0  CODE        2
                text3                          0004A4  000046  0004EA       948       0  CODE        2
                text10                         0004EA  000058  000542       9D4       0  CODE        2
                text9                          000542  000087  0005C9       A84       0  CODE        2
                text4                          0005C9  00009D  000666       B92       0  CODE        2
                maintext                       000666  0000CB  000731       CCC       0  CODE        2
                text1                          000731  0000CC  0007FD       E62       0  CODE        2
                cinit                          0007FD  000003  000800       FFA       0  CODE        2


UNUSED ADDRESS RANGES

        Name                Unused          Largest block    Delta
        BANK0            0063-007D             1B           1
        BANK1            00A0-00FD             5E           1
        CODE             002F-0397            369           2
                         0800-0FFF            800
        CONST            002F-0397            100           2
                         0800-0FFF            100
        EEDATA           2100-217F             80           2
        ENTRY            002F-0397            100           2
                         0800-0FFF            100
        RAM              0063-007D             1B           1
                         00A0-00FD             5E
        SFR0             0000-001F             20           1
        SFR1             0080-009F             20           1
        SFR2             0100-017D             7E           1
        SFR3             0180-01FD             7E           1
        STRCODE          002F-0397            369           2
                         0800-0FFF            800
        STRING           002F-0397            100           2
                         0800-0FFF            100

                                  Symbol Table

?_Read_ADC                cstackBANK0  0020
?___aldiv                 cstackBANK0  0020
?___lwdiv                 cstackBANK0  0020
?___lwmod                 cstackBANK0  0028
?_sprintf                 cstackBANK0  002E
Lcd_Cmd@a                 cstackBANK0  0023
Lcd_Port@a                cstackBANK0  0020
Lcd_Set_Cursor@a          cstackBANK0  0026
Lcd_Set_Cursor@b          cstackBANK0  0024
Lcd_Set_Cursor@temp       cstackBANK0  0029
Lcd_Set_Cursor@y          cstackBANK0  0028
Lcd_Set_Cursor@z          cstackBANK0  0027
Lcd_Write_Char@a          cstackBANK0  0024
Lcd_Write_Char@temp       cstackBANK0  0022
Lcd_Write_Char@y          cstackBANK0  0023
Lcd_Write_String@a        cstackBANK0  0028
Lcd_Write_String@i        cstackBANK0  0026
Timer2_init@pr2           cstackBANK0  0020
_ADCON0bits               (abs)        001F
_ADCON1bits               (abs)        009F
_ADC_init                 text14       03AE
_ADRESH                   (abs)        001E
_ADRESL                   (abs)        009E
_CCP1CONbits              (abs)        0017
_CCPR1L                   (abs)        0015
_Lcd_Clear                text11       0398
_Lcd_Cmd                  text12       03BC
_Lcd_Init                 text10       04EA
_Lcd_Port                 text13       03F0
_Lcd_Set_Cursor           text9        0542
_Lcd_Write_Char           text8        0433
_Lcd_Write_String         text7        0410
_PORTBbits                (abs)        0006
_PR2                      (abs)        0092
_Read_ADC                 text6        03D5
_T2CONbits                (abs)        0012
_TMR2                     (abs)        0011
_TRISBbits                (abs)        0086
_TRISCbits                (abs)        0087
_Timer2_init              text5        03A1
__Habs1                   abs1         0000
__Hbank0                  bank0        0000
__Hbank1                  bank1        0000
__Hbank2                  bank2        0000
__Hbank3                  bank3        0000
__Hcinit                  cinit        0800
__Hclrtext                clrtext      0000
__Hcode                   code         0000
__Hcommon                 common       0000
__Hconfig                 config       2008
__HcstackBANK0            cstackBANK0  0000
__HcstackCOMMON           cstackCOMMON 0000
__Heeprom_data            eeprom_data  0000
__Hend_init               end_init     0002
__Hfunctab                functab      0000
__Hidloc                  idloc        2004
__Hinit                   init         0000
__Hintentry               intentry     0000
__Hmaintext               maintext     0000
__Hpowerup                powerup      0000
__Hram                    ram          0000
__Hreset_vec              reset_vec    0000
__Hsfr0                   sfr0         0000
__Hsfr1                   sfr1         0000
__Hsfr2                   sfr2         0000
__Hsfr3                   sfr3         0000
__Hspace_0                (abs)        0800
__Hspace_1                (abs)        0063
__Hspace_2                (abs)        0000
__Hspace_3                (abs)        0000
__Hspace_4                (abs)        400F
__Hstack                  stack        0000
__Hstrings                strings      0000
__Htext                   text         0000
__Labs1                   abs1         0000
__Lbank0                  bank0        0000
__Lbank1                  bank1        0000
__Lbank2                  bank2        0000
__Lbank3                  bank3        0000
__Lcinit                  cinit        07FD
__Lclrtext                clrtext      0000
__Lcode                   code         0000
__Lcommon                 common       0000
__Lconfig                 config       0000
__LcstackBANK0            cstackBANK0  0000
__LcstackCOMMON           cstackCOMMON 0000
__Leeprom_data            eeprom_data  0000
__Lend_init               end_init     0000
__Lfunctab                functab      0000
__Lidloc                  idloc        0000
__Linit                   init         0000
__Lintentry               intentry     0000
__Lmaintext               maintext     0000
__Lpowerup                powerup      0000
__Lram                    ram          0000
__Lreset_vec              reset_vec    0000
__Lsfr0                   sfr0         0000
__Lsfr1                   sfr1         0000
__Lsfr2                   sfr2         0000
__Lsfr3                   sfr3         0000
__Lspace_0                (abs)        0000
__Lspace_1                (abs)        0000
__Lspace_2                (abs)        0000
__Lspace_3                (abs)        0000
__Lspace_4                (abs)        0000
__Lstack                  stack        0000
__Lstrings                strings      0000
__Ltext                   text         0000
__S0                      (abs)        0800
__S1                      (abs)        0063
__S3                      (abs)        0000
___aldiv                  text4        05C9
___aldiv@counter          cstackBANK0  0029
___aldiv@dividend         cstackBANK0  0024
___aldiv@divisor          cstackBANK0  0020
___aldiv@quotient         cstackBANK0  002B
___aldiv@sign             cstackBANK0  002A
___int_sp                 stack        0000
___latbits                (abs)        0001
___lwdiv                  text3        04A4
___lwdiv@counter          cstackBANK0  0027
___lwdiv@dividend         cstackBANK0  0022
___lwdiv@divisor          cstackBANK0  0020
___lwdiv@quotient         cstackBANK0  0025
___lwmod                  text2        0468
___lwmod@counter          cstackBANK0  002D
___lwmod@dividend         cstackBANK0  002A
___lwmod@divisor          cstackBANK0  0028
___sp                     stack        0000
___stackhi                (abs)        0000
___stacklo                (abs)        0000
__end_of_ADC_init         text14       03BC
__end_of_Lcd_Clear        text11       03A1
__end_of_Lcd_Cmd          text12       03D5
__end_of_Lcd_Init         text10       0542
__end_of_Lcd_Port         text13       0410
__end_of_Lcd_Set_Cursor   text9        05C9
__end_of_Lcd_Write_Char   text8        0468
__end_of_Lcd_Write_String text7        0433
__end_of_Read_ADC         text6        03F0
__end_of_Timer2_init      text5        03AE
__end_of___aldiv          text4        0666
__end_of___lwdiv          text3        04EA
__end_of___lwmod          text2        04A4
__end_of__initialization  cinit        07FD
__end_of__stringtab       strings      0008
__end_of_dpowers          strings      0012
__end_of_main             maintext     0731
__end_of_sprintf          text1        07FD
__initialization          cinit        07FD
__pcstackBANK0            cstackBANK0  0020
__pcstackCOMMON           cstackCOMMON 0000
__pmaintext               maintext     0666
__pstrings                strings      0002
__ptext1                  text1        0731
__ptext10                 text10       04EA
__ptext11                 text11       0398
__ptext12                 text12       03BC
__ptext13                 text13       03F0
__ptext14                 text14       03AE
__ptext2                  text2        0468
__ptext3                  text3        04A4
__ptext4                  text4        05C9
__ptext5                  text5        03A1
__ptext6                  text6        03D5
__ptext7                  text7        0410
__ptext8                  text8        0433
__ptext9                  text9        0542
__stringbase              strings      0007
__stringtab               strings      0002
_dpowers                  strings      0008
_main                     maintext     0666
_sprintf                  text1        0731
btemp                     (abs)        007E
end_of_initialization     cinit        07FD
intlevel0                 functab      0000
intlevel1                 functab      0000
intlevel2                 functab      0000
intlevel3                 functab      0000
intlevel4                 functab      0000
intlevel5                 functab      0000
main@buffer               cstackBANK0  003D
main@dc                   cstackBANK0  005D
main@duty_cycle           cstackBANK0  0061
main@freq                 cstackBANK0  005B
main@pr2                  cstackBANK0  005F
reset_vec                 reset_vec    0000
sprintf@ap                cstackBANK0  0034
sprintf@c                 cstackBANK0  003A
sprintf@f                 cstackBANK0  002E
sprintf@flag              cstackBANK0  0035
sprintf@prec              cstackBANK0  0036
sprintf@sp                cstackBANK0  0039
sprintf@val               cstackBANK0  0037
start                     init         0000
start_initialization      cinit        07FD
wtemp0                    (abs)        007E


MODULE INFORMATION

Module		Function		Class		Link	Load	Size
C:\Program Files\Microchip\xc8\v2.40\pic\sources\c90\common\aldiv.c
		___aldiv       		CODE           	05C9	0000	157

C:\Program Files\Microchip\xc8\v2.40\pic\sources\c90\common\aldiv.c estimated size: 157

C:\Program Files\Microchip\xc8\v2.40\pic\sources\c90\common\doprnt.c
		_sprintf       		CODE           	0731	0000	204

C:\Program Files\Microchip\xc8\v2.40\pic\sources\c90\common\doprnt.c estimated size: 204

C:\Program Files\Microchip\xc8\v2.40\pic\sources\c90\common\lwmod.c
		___lwmod       		CODE           	0468	0000	60

C:\Program Files\Microchip\xc8\v2.40\pic\sources\c90\common\lwmod.c estimated size: 60

shared
		__stringtab    		STRING         	0002	0000	6
		_dpowers       		STRING         	0008	0000	10
		__initialization		CODE           	07FD	0000	1

shared estimated size: 17

lcd.c
		_Lcd_Write_String		CODE           	0410	0000	35
		_Lcd_Init      		CODE           	04EA	0000	88
		_Lcd_Write_Char		CODE           	0433	0000	53
		_Lcd_Cmd       		CODE           	03BC	0000	25
		_Lcd_Set_Cursor		CODE           	0542	0000	135
		_Lcd_Clear     		CODE           	0398	0000	9
		_Lcd_Port      		CODE           	03F0	0000	32

lcd.c estimated size: 377

Control_PWM.c
		_main          		CODE           	0666	0000	203
		_Read_ADC      		CODE           	03D5	0000	27
		_ADC_init      		CODE           	03AE	0000	14
		_Timer2_init   		CODE           	03A1	0000	13

Control_PWM.c estimated size: 257

C:\Program Files\Microchip\xc8\v2.40\pic\sources\c90\common\lwdiv.c
		___lwdiv       		CODE           	04A4	0000	70

C:\Program Files\Microchip\xc8\v2.40\pic\sources\c90\common\lwdiv.c estimated size: 70

